Youporn adult youporn.com
PornHub adult pornhub.com
XVideos adult xvideos.com
XNXX adult xnxx.com
xHamster adult xhamster.com
OnlyFans adult onlyfans.com
Stripchat adult stripchat.com
Chaturbate adult chaturbate.com
BongaCams adult bongacams.com
RedTube adult redtube.com
Fansly adult fansly.com
SpankBang adult spankbang.com
Eporner adult eporner.com
Rule34 adult rule34.xxx
Tube8 adult tube8.com
YouJizz adult youjizz.com
Thumbzilla adult thumbzilla.com
LiveJasmin adult livejasmin.com
CamSoda adult camsoda.com
ManyVids adult manyvids.com
Cams.com adult cams.com
Fapello adult fapello.com
Erome adult erome.com
nHentai adult nhentai.net
PornTrex adult porntrex.com
Sex.com adult sex.com
Brazzers adult brazzers.com
Naughty_America adult naughtyamerica.com
BangBros adult bangbros.com
RealityKings adult realitykings.com
Motherless adult motherless.com
Beeg adult beeg.com
TNAFlix adult tnaflix.com
Cam4 adult cam4.com
ImLive adult imlive.com
HentaiHaven adult hentaihaven.xxx
Heavy-R adult heavy-r.com
PornPics adult pornpics.com
PornTube adult porntube.com
EFukt adult efukt.com
Daftsex adult daftsex.com
Pornhub_CDN adult phncdn.com
xHamster_CDN adult xhcdn.com
XVideos_CDN adult xvideos-cdn.com
