4shared file-transfer 4shared.com
Bigupload file-transfer bigupload.com
Bigupload file-transfer bigupload.net
Box.net file-transfer box.net
Clubbox file-transfer clubbox.co.kr
Datei.to file-transfer datei.to
Depositfiles file-transfer depositfiles.com
Divshare file-transfer divshare.com
Dropbox file-transfer dropboxusercontent.com
Dropbox file-transfer dropbox.com
Dropbox file-transfer dropboxapi.com
Extratorrent file-transfer extratorrent.cc
Filer.cx file-transfer filer.cx
Filesonic file-transfer filesonic.com
Hotfile file-transfer hotfile.com
ifile.it file-transfer ifile.it
Kickasstorrents file-transfer kickass.to
Kickasstorrents file-transfer kickasstorrents.eu
Kickasstorrents file-transfer kickass.so
Kickasstorrents file-transfer kickass.cr
Kickasstorrents file-transfer kickasstorrents.to
Kickasstorrents file-transfer kickass.cd
Kickasstorrents file-transfer kickass.mx
Kickasstorrents file-transfer kickass.la
Mediafire file-transfer mediafire.com
Mega file-transfer mega.nz
Mega file-transfer mega.co.nz
Mega file-transfer megaupload.com
Mega file-transfer megaproxy.com
Mega file-transfer megashare.com
Mega file-transfer megavideo.com
Oboom file-transfer oboom-premium.com
Rutracker file-transfer rutracker.org
SkyDrive file-transfer skydrive.live.com
Torrentz.eu file-transfer torrentz.eu
Uploaded file-transfer uploaded.net
WeTransfer file-transfer wetransfer.com
Xunlei file-transfer xunlei.com
Zippyshare file-transfer zippyshare.com
Share-Online file-transfer share-online.biz
load.to file-transfer load.to
anonfile file-transfer anonfile.com
rapidgator file-transfer rapidgator.net
filefactory file-transfer filefactory.com
turbobit file-transfer turbobit.net
1fichier file-transfer 1fichier.com
hugefiles file-transfer hugefiles.cc
2shared file-transfer 2shared.com
free.fr file-transfer dl.free.fr
grosfichier file-transfer grosfichiers.com
