4shared file-transfer 4shared.com
Box.net file-transfer box.net
Depositfiles file-transfer depositfiles.com
Dropbox file-transfer dropboxusercontent.com
Dropbox file-transfer dropbox.com
Dropbox file-transfer dropboxapi.com
Mediafire file-transfer mediafire.com
Mega file-transfer mega.nz
Mega file-transfer mega.co.nz
Rutracker file-transfer rutracker.org
WeTransfer file-transfer wetransfer.com
Xunlei file-transfer xunlei.com
rapidgator file-transfer rapidgator.net
filefactory file-transfer filefactory.com
turbobit file-transfer turbobit.net
1fichier file-transfer 1fichier.com
free.fr file-transfer dl.free.fr
grosfichier file-transfer grosfichiers.com
Box file-transfer box.com
Google_Drive file-transfer drive.google.com
OneDrive file-transfer onedrive.live.com
OneDrive file-transfer onedrive.com
iCloud file-transfer icloud-content.com
Proton_Drive file-transfer drive.proton.me
pCloud file-transfer pcloud.com
pCloud file-transfer transfer.pcloud.com
Terabox file-transfer terabox.com
Terabox file-transfer teraboxapp.com
Gofile file-transfer gofile.io
Pixeldrain file-transfer pixeldrain.com
Smash file-transfer fromsmash.com
SwissTransfer file-transfer swisstransfer.com
TransferNow file-transfer transfernow.net
Filemail file-transfer filemail.com
WorkUpload file-transfer workupload.com
KrakenFiles file-transfer krakenfiles.com
Catbox file-transfer catbox.moe
Sendspace file-transfer sendspace.com
Send_Anywhere file-transfer send-anywhere.com
DDownload file-transfer ddownload.com
MegaUp file-transfer megaup.net
QIWI file-transfer qiwi.gg
Wormhole file-transfer wormhole.app
SendGB file-transfer sendgb.com
WeSendit file-transfer wesendit.com
Tresorit file-transfer tresorit.com
Sync file-transfer sync.com
Internxt file-transfer internxt.com
IceDrive file-transfer icedrive.net
FileBin file-transfer filebin.net
Uploadfiles file-transfer uploadfiles.io
Uploadfiles file-transfer ufile.io
Snapdrop file-transfer snapdrop.net
Sharedrop file-transfer sharedrop.io
Fshare file-transfer fshare.vn
Katfile file-transfer katfile.com
Nitroflare file-transfer nitroflare.com
Keep2Share file-transfer k2s.cc
Keep2Share file-transfer keep2share.cc
