Outlook.com mail outlook.com
Outlook.com mail outlook.office365.com
Outlook.com mail outlook.office.com
Outlook.com mail outlook.live.com
Hotmail mail outlook.live.com
GMX mail gmx.de 
GMX mail gmx.at
GMX mail gmx.ch
GMX mail gmx.co
GMX mail gmx.net
GMX mail gmx.co.uk
mail.ru mail mail.ru
mail.ru mail attachmail.ru
mail.ru mail imgsmail.ru
Gmail mail mail.google.com
Gmail mail gmail.com
Yahoo_Mail mail mail.yahoo.com
Yahoo_Mail mail mail.yahoo.de
AOL_Mail mail login.aol.com
AOL_Mail mail mail.aol.com
Apple_Mail mail mail.me.com
Hushmail mail hushmail.com
T-Online_Mail mail e-mail.t-online.de
Apple_Mail mail mail.mac.com
iCloud_Mail mail icloud.com
iCloud_Mail mail mail.icloud.com
ProtonMail mail proton.me
ProtonMail mail protonmail.com
ProtonMail mail protonmail.ch
Zoho_Mail mail zoho.com
Zoho_Mail mail mail.zoho.com
Zoho_Mail mail zoho.eu
Fastmail mail fastmail.com
Fastmail mail fastmail.fm
Tuta mail tuta.com
Tuta mail tutanota.com
Yandex_Mail mail mail.yandex.ru
Yandex_Mail mail mail.yandex.com
Yandex_Mail mail yandex.ru
Yandex_Mail mail yandex.com
Hey mail hey.com
Mailbox.org mail mailbox.org
Web.de mail web.de
GMX mail gmx.com
StartMail mail startmail.com
Mail.com mail mail.com
Yahoo_Mail mail yahoo.com
Yahoo_Mail mail mail.yahoo.co.jp
Yahoo_Mail mail yahoo.co.jp
Yahoo_Mail mail mail.yahoo.co.uk
Comcast_Mail mail connect.xfinity.com
Spectrum_Mail mail webmail.spectrum.net
Juno mail juno.com
NetZero mail netzero.net
Lycos_Mail mail mail.lycos.com
Runbox mail runbox.com
Posteo mail posteo.de
Posteo mail posteo.net
BT_Mail mail mail.bt.com
Virgin_Media_Mail mail mail2.virginmedia.com
Orange_Mail mail messagerie.orange.fr
SFR_Mail mail messagerie.sfr.fr
Libero_Mail mail mail.libero.it
