050Plus messaging 050plus.com
Dingtalk messaging im.dingtalk.com
Dingtalk messaging dingtalkapps.com
GaduGadu messaging gg.pl
GaduGadu messaging gadu-gadu.pl
IMO.IM messaging imo.im
Kik_Messenger messaging apikik.com
Kik_Messenger messaging kik.com
Net2Phone messaging net2phone.com
WeChat messaging wechat.com
WeChat messaging weixin.qq.com
YiXin messaging yixin.im
WhatsApp messaging whatsapp.com
WhatsApp messaging whatsapp.net
Discord messaging discord.com
Discord messaging discord.gg
Discord messaging discordapp.com
Discord messaging discordapp.net
Slack messaging slack.com
Telegram messaging telegram.org
Telegram messaging telegram.me
Telegram messaging t.me
Signal messaging signal.org
Skype messaging skype.com
Skype messaging skypeassets.com
Teams messaging teams.microsoft.com
Teams messaging teams.live.com
Messenger messaging messenger.com
Viber messaging viber.com
Line messaging line.me
Google_Chat messaging chat.google.com
Threema messaging threema.ch
Wire messaging wire.com
Element messaging element.io
Matrix messaging matrix.org
Session messaging getsession.org
KakaoTalk messaging kakaotalk.com
KakaoTalk messaging kakao.com
Google_Meet messaging meet.google.com
