123movies media-streaming 0123movies.com
123movies media-streaming 123movies.fun
123movies media-streaming 123movies4u.co
Afreeca media-streaming afreeca.com
Afreeca media-streaming bizafreeca.com
Afreeca media-streaming afreecatv.com
AppleMusic media-streaming streamingaudio.itunes.apple.com
AppleMusic media-streaming gs.apple.com
AppleMusic media-streaming albert.apple.com
BBC media-streaming bbc.co.uk
Grooveshark media-streaming grooveshark.com
Grooveshark media-streaming grooveshark.im
Hulu media-streaming secure.hulu.com
LastFM media-streaming last.fm
Netflix media-streaming netflix.com
Periscope media-streaming periscope.tv
Shoutcast media-streaming shoutcast.com
TuneIn media-streaming tunein.com
7plus media-streaming 7plus.com.au
AMC media-streaming AMC.com
BBC media-streaming bbcmedia.co.uk
Dailymotion media-streaming dailymotion.com
DirectTV media-streaming directv.com
Disneyplus media-streaming disneyplus.com
NowTV media-streaming nowtv.com
Pandora media-streaming pandora.com
PeacockTV media-streaming peacocktv.com
SoundCloud media-streaming soundcloud.com
Starz media-streaming stars.com
UWatchFree media-streaming uwatchfree.fo
Vimeo media-streaming vimeo.com
XFinity media-streaming Xfinity.com
Yideo media-streaming yideo.com
YouTube media-streaming youtube.com
YuppTV media-streaming yupptv.com
Zee5 media-streaming zee5.com
