123movies media-streaming 0123movies.com
123movies media-streaming 123movies.fun
123movies media-streaming 123movies4u.co
Afreeca media-streaming afreeca.com
Afreeca media-streaming bizafreeca.com
Afreeca media-streaming afreecatv.com
AppleMusic media-streaming streamingaudio.itunes.apple.com
AppleMusic media-streaming gs.apple.com
AppleMusic media-streaming albert.apple.com
BBC media-streaming bbc.co.uk
Grooveshark media-streaming grooveshark.com
Grooveshark media-streaming grooveshark.im
Hulu media-streaming secure.hulu.com
LastFM media-streaming last.fm
Netflix media-streaming netflix.com
Periscope media-streaming periscope.tv
Shoutcast media-streaming shoutcast.com
TuneIn media-streaming tunein.com
7plus media-streaming 7plus.com.au
AMC media-streaming AMC.com
BBC media-streaming bbcmedia.co.uk
Dailymotion media-streaming dailymotion.com
DirectTV media-streaming directv.com
Disneyplus media-streaming disneyplus.com
NowTV media-streaming nowtv.com
Pandora media-streaming pandora.com
PeacockTV media-streaming peacocktv.com
SoundCloud media-streaming soundcloud.com
Starz media-streaming starz.com
UWatchFree media-streaming uwatchfree.fo
Vimeo media-streaming vimeo.com
XFinity media-streaming Xfinity.com
Yidio media-streaming yidio.com
YouTube media-streaming youtube.com
YuppTV media-streaming yupptv.com
Zee5 media-streaming zee5.com
BritBox media-streaming watch.britbox.co.uk
BritBox media-streaming britbox.co.uk
Twitch media-streaming twitch.tv
Wmovies media-streaming wmoviesfree.online
Roku media-streaming therokuchannel.roku.com
Vudu media-streaming vudu.com
Crackle media-streaming crackle.com
Popcornflix media-streaming popcornflix.com
PlutoTV media-streaming pluto.tv
Plex media-streaming plex.tv
Movies2watch media-streaming movies2watch.tv
Filmzie media-streaming filmzie.com
FilmDoo media-streaming filmdoo.com
WatchSeriesHD media-streaming watchserieshd.bz
JustWatch media-streaming justwatch.com
La123Movies media-streaming la123movies.com
Tubi media-streaming tubi.tv
AZmovie media-streaming azmovie.to
SolarMovie media-streaming solarmovie.to
Soap2Day media-streaming soap2day.to
Soap2Day media-streaming soap2day.rs
Soap2Day media-streaming thesoap2day.com
Soap2Day media-streaming ssoap2day.to
Soap2Day media-streaming soap2dayto.org
Soap2Day media-streaming soap2day.group
Soap2Day media-streaming soap2day.ac
Soap2Day media-streaming soap2day.sh
Soap2Day media-streaming soap2day.cx
Soap2Day media-streaming s2dfree.to
Soap2Day media-streaming s2dfree.cc
Soap2Day media-streaming s2dfree.de
Soap2Day media-streaming s2dfree.is
Soap2Day media-streaming s2dfree.nl
Soap2Day media-streaming soap2dayhd.ru
Soap2Day media-streaming soap2dayfree.com
Soap2Day media-streaming 1soap2day.com
Soap2Day media-streaming soap2day.works
Soap2Day media-streaming ww-soap2day.com
Soap2Day media-streaming soap2day.cloud
Soap2Day media-streaming soap2dayhd.com
123movies media-streaming 123moviesgo.ga
Cineb media-streaming cineb.net
GoStream media-streaming gostream.site
MovieStars media-streaming moviestars.to
Xumo media-streaming xumo.com
Streamm4u media-streaming streamm4u.com
BounceTV media-streaming bouncetv.com
FlixTor media-streaming flixtor.to
MoviesJoy media-streaming moviesjoy.to
StreamLord media-streaming streamlord.com
123chill media-streaming 123chill.to
FilmRise media-streaming filmrise.com
Kanopy media-streaming kanopy.com
Spacemov media-streaming spacemov.me
Spacemov media-streaming spacemov.io
Afdah media-streaming afdah2.com
MyBundle media-streaming mybundle.tv
