Afreeca media-streaming afreeca.com
Afreeca media-streaming bizafreeca.com
Afreeca media-streaming afreecatv.com
AppleMusic media-streaming streamingaudio.itunes.apple.com
BBC media-streaming bbc.co.uk
Hulu media-streaming secure.hulu.com
LastFM media-streaming last.fm
Netflix media-streaming netflix.com
Shoutcast media-streaming shoutcast.com
TuneIn media-streaming tunein.com
7plus media-streaming 7plus.com.au
AMC media-streaming AMC.com
BBC media-streaming bbcmedia.co.uk
Dailymotion media-streaming dailymotion.com
DirectTV media-streaming directv.com
Disneyplus media-streaming disneyplus.com
NowTV media-streaming nowtv.com
Pandora media-streaming pandora.com
PeacockTV media-streaming peacocktv.com
SoundCloud media-streaming soundcloud.com
Vimeo media-streaming vimeo.com
XFinity media-streaming Xfinity.com
Yideo media-streaming yideo.com
YouTube media-streaming youtube.com
YuppTV media-streaming yupptv.com
Zee5 media-streaming zee5.com
Spotify media-streaming spotify.com
YouTubeMusic media-streaming music.youtube.com
PrimeVideo media-streaming primevideo.com
Twitch media-streaming twitch.tv
Max media-streaming max.com
Max media-streaming hbomax.com
Paramountplus media-streaming paramountplus.com
AppleTVplus media-streaming tv.apple.com
ESPNplus media-streaming espnplus.com
Crunchyroll media-streaming crunchyroll.com
Plex media-streaming plex.tv
PlutoTV media-streaming pluto.tv
PlutoTV media-streaming plutotv.tv
Tubi media-streaming tubi.tv
Tubi media-streaming tubitv.com
Rumble media-streaming rumble.com
Kick media-streaming kick.com
Deezer media-streaming deezer.com
Tidal media-streaming tidal.com
iHeartRadio media-streaming iheart.com
SiriusXM media-streaming siriusxm.com
DAZN media-streaming dazn.com
Starz media-streaming starz.com
AppleMusic media-streaming music.apple.com
Hulu media-streaming hulu.com
Discoveryplus media-streaming discoveryplus.com
YouTubeKids media-streaming youtubekids.com
Audible media-streaming audible.com
Nebula media-streaming nebula.tv
CuriosityStream media-streaming curiositystream.com
Hotstar media-streaming hotstar.com
JioCinema media-streaming jiocinema.com
ITVX media-streaming itv.com
Channel4 media-streaming channel4.com
